// Jest Snapshot v1, https://goo.gl/fbAQLP

exports[`<TextField /> Renders with error 1`] = `
.c0 .c2 {
  border-color: #ed3020;
}

.c0 .c2:focus-within {
  border: 0.1rem solid #ed3020;
}

.c3 {
  display: -webkit-box;
  display: -webkit-flex;
  display: -ms-flexbox;
  display: flex;
  -webkit-align-items: center;
  -webkit-box-align: center;
  -ms-flex-align: center;
  align-items: center;
  background: #FFFFFF 0% 0% no-repeat padding-box;
  border: 0.1rem solid #CCC8C8;
  border-radius: 0.4rem;
  padding: 0 0.8rem;
  height: 3.6rem;
}

.c3:focus-within {
  box-shadow: 0rem 0.4rem 0.6rem #00000014;
  border: 0.1rem solid #3241A1;
}

.c4 {
  color: #4F4C4C;
  font: normal normal 400 1.4rem / 2.8rem 'Open Sans','Roboto','Helvetica Neue',sans-serif;
  padding: 0.8rem 0;
  padding-left: 0.4rem;
  background: transparent;
  border: 0;
  outline: none;
  width: 100%;
}

.c4:-webkit-autofill {
  -webkit-box-shadow: 0 0 0 2.4 #EAEAEA inset;
  -webkit-filter: none;
  filter: none;
}

.c1 {
  font: normal normal 600 1.6rem / 4rem 'Open Sans','Roboto','Helvetica Neue',sans-serif;
  -webkit-letter-spacing: -0.006rem;
  -moz-letter-spacing: -0.006rem;
  -ms-letter-spacing: -0.006rem;
  letter-spacing: -0.006rem;
  text-align: left;
  color: #4F4C4C;
  cursor: pointer;
}

.c5 {
  color: #ed3020;
  font-size: 1.2rem;
  margin: 0.5rem 0;
}

<div
  class="c0"
>
  <label
    class="c1"
  >
    TextField
  </label>
  <div
    class="c2 c3"
  >
    <input
      class="c4"
      type="text"
      value=""
    />
  </div>
  <p
    class="c5"
  >
    Error message
  </p>
</div>
`;
